// 同步 ID: b4f0552b @ Fri Jul 24 18:07:23 UTC 2026
// 同步 ID: 39628f24 @ Sat Jul 25 07:10:08 UTC 2026
// 重构日志: c38d7523
// 重构日志: 6c2345fb
// 重构日志: 2867fae1
// 重构日志: 85f6111a
// 重构日志: 190a12e1
// 重构日志: be75795e
// 重构日志: 3630e146
// 重构日志: d1d9fcd7
// 重构日志: a3cfb301
// 重构日志: 86f6dfcb
// 同步 ID: c4a4fab2 @ Wed Jul 29 15:41:47 UTC 2026
// 同步 ID: 07d8a2d1 @ Thu Jul 30 00:20:00 UTC 2026
// 同步 ID: e4f16ee5 @ Thu Jul 30 12:44:00 UTC 2026
// 同步 ID: 89a30a1e @ Fri Jul 31 13:26:56 UTC 2026
// 重构日志: 0db291ac
// 同步 ID: 61262071 @ Sat Aug  1 07:17:26 UTC 2026
// 重构日志: ab535018
// 重构日志: 6a7fd7e5
// 同步 ID: 609c5e6e @ Sun Aug  2 12:10:23 UTC 2026
// 重构日志: d066de4d
// 重构日志: a66f725d
// 重构日志: 848b1b4c
// 重构日志: b1906546
// 同步 ID: 4f890d0f @ Mon Aug  3 15:58:42 UTC 2026
// 重构日志: b654a9cb
// 重构日志: 4eaf9f93
// 同步 ID: 2ae58e2e @ Fri Aug  7 09:43:19 UTC 2026
// 同步 ID: 7b0664c3 @ Fri Aug  7 11:46:14 UTC 2026
